This is pdfTeX, Version 3.141592653-2.6-1.40.28 (MiKTeX 25.12) (preloaded format=pdflatex 2026.2.17)  15 JUL 2026 15:56
entering extended mode
 restricted \write18 enabled.
 %&-line parsing enabled.
**./manuscript/manuscript.tex
(manuscript/manuscript.tex
LaTeX2e <2025-11-01>
L3 programming layer <2025-12-24>

(C:\Users\jules\AppData\Local\Programs\MiKTeX\tex/latex/elsarticle\elsarticle.c
ls
Document Class: elsarticle 2026/01/09, 3.5: Elsevier Ltd
(C:\Users\jules\AppData\Local\Programs\MiKTeX\tex/latex/base\fontenc.sty
Package: fontenc 2025/07/18 v2.1d Standard LaTeX package
)
(C:\Users\jules\AppData\Local\Programs\MiKTeX\tex/latex/l3kernel\expl3.sty
Package: expl3 2025-12-24 L3 programming layer (loader) 

(C:\Users\jules\AppData\Local\Programs\MiKTeX\tex/latex/l3backend\l3backend-pdf
tex.def
File: l3backend-pdftex.def 2025-10-09 L3 backend support: PDF output (pdfTeX)
\l__color_backend_stack_int=\count275
))
(C:\Users\jules\AppData\Local\Programs\MiKTeX\tex/latex/l3packages/xparse\xpars
e.sty
Package: xparse 2025-10-09 L3 Experimental document command parser
)
(C:\Users\jules\AppData\Local\Programs\MiKTeX\tex/latex/etoolbox\etoolbox.sty
Package: etoolbox 2025/10/02 v2.5m e-TeX tools for LaTeX (JAW)
\etb@tempcnta=\count276
)
\@bls=\dimen148

(C:\Users\jules\AppData\Local\Programs\MiKTeX\tex/latex/base\article.cls
Document Class: article 2025/01/22 v1.4n Standard LaTeX document class
(C:\Users\jules\AppData\Local\Programs\MiKTeX\tex/latex/base\size11.clo
File: size11.clo 2025/01/22 v1.4n Standard LaTeX file (size option)
)
\c@part=\count277
\c@section=\count278
\c@subsection=\count279
\c@subsubsection=\count280
\c@paragraph=\count281
\c@subparagraph=\count282
\c@figure=\count283
\c@table=\count284
\abovecaptionskip=\skip49
\belowcaptionskip=\skip50
\bibindent=\dimen149
)
(C:\Users\jules\AppData\Local\Programs\MiKTeX\tex/latex/graphics\graphicx.sty
Package: graphicx 2024/12/31 v1.2e Enhanced LaTeX Graphics (DPC,SPQR)

(C:\Users\jules\AppData\Local\Programs\MiKTeX\tex/latex/graphics\keyval.sty
Package: keyval 2022/05/29 v1.15 key=value parser (DPC)
\KV@toks@=\toks17
)
(C:\Users\jules\AppData\Local\Programs\MiKTeX\tex/latex/graphics\graphics.sty
Package: graphics 2024/08/06 v1.4g Standard LaTeX Graphics (DPC,SPQR)

(C:\Users\jules\AppData\Local\Programs\MiKTeX\tex/latex/graphics\trig.sty
Package: trig 2023/12/02 v1.11 sin cos tan (DPC)
)
(C:\Users\jules\AppData\Local\Programs\MiKTeX\tex/latex/graphics-cfg\graphics.c
fg
File: graphics.cfg 2016/06/04 v1.11 sample graphics configuration
)
Package graphics Info: Driver file: pdftex.def on input line 106.

(C:\Users\jules\AppData\Local\Programs\MiKTeX\tex/latex/graphics-def\pdftex.def
File: pdftex.def 2025/09/29 v1.2d Graphics/color driver for pdftex
))
\Gin@req@height=\dimen150
\Gin@req@width=\dimen151
)
\c@tnote=\count285
\c@fnote=\count286
\c@cnote=\count287
\c@ead=\count288
\c@elsarticle@author=\count289
\@eadauthor=\toks18
\c@affn=\count290
\absbox=\box53
\elsarticlehighlightsbox=\box54
\elsarticlegrabsbox=\box55
\keybox=\box56
\Columnwidth=\dimen152
\space@left=\dimen153
\els@boxa=\box57
\els@boxb=\box58
\leftMargin=\dimen154
\@enLab=\toks19
\@sep=\skip51
\@@sep=\skip52

(C:\Users\jules\OneDrive - The University of Manchester\Internships\projects\en
ergy\paper 5\manuscript\manuscript.spl)
(C:\Users\jules\AppData\Local\Programs\MiKTeX\tex/latex/natbib\natbib.sty
Package: natbib 2010/09/13 8.31b (PWD, AO)
\bibhang=\skip53
\bibsep=\skip54
LaTeX Info: Redefining \cite on input line 694.
\c@NAT@ctr=\count291
)
\splwrite=\write3
\openout3 = `manuscript.spl'.

\appnamewidth=\dimen155
)
(C:\Users\jules\AppData\Local\Programs\MiKTeX\tex/latex/base\inputenc.sty
Package: inputenc 2024/02/08 v1.3d Input encoding file
\inpenc@prehook=\toks20
\inpenc@posthook=\toks21
)
(C:\Users\jules\AppData\Local\Programs\MiKTeX\tex/latex/geometry\geometry.sty
Package: geometry 2020/01/02 v5.9 Page Geometry

(C:\Users\jules\AppData\Local\Programs\MiKTeX\tex/generic/iftex\ifvtex.sty
Package: ifvtex 2019/10/25 v1.7 ifvtex legacy package. Use iftex instead.

(C:\Users\jules\AppData\Local\Programs\MiKTeX\tex/generic/iftex\iftex.sty
Package: iftex 2024/12/12 v1.0g TeX engine tests
))
\Gm@cnth=\count292
\Gm@cntv=\count293
\c@Gm@tempcnt=\count294
\Gm@bindingoffset=\dimen156
\Gm@wd@mp=\dimen157
\Gm@odd@mp=\dimen158
\Gm@even@mp=\dimen159
\Gm@layoutwidth=\dimen160
\Gm@layoutheight=\dimen161
\Gm@layouthoffset=\dimen162
\Gm@layoutvoffset=\dimen163
\Gm@dimlist=\toks22

(C:\Users\jules\AppData\Local\Programs\MiKTeX\tex/latex/geometry\geometry.cfg))
(C:\Users\jules\AppData\Local\Programs\MiKTeX\tex/latex/amsmath\amsmath.sty
Package: amsmath 2025/07/09 v2.17z AMS math features
\@mathmargin=\skip55

For additional information on amsmath, use the `?' option.
(C:\Users\jules\AppData\Local\Programs\MiKTeX\tex/latex/amsmath\amstext.sty
Package: amstext 2024/11/17 v2.01 AMS text

(C:\Users\jules\AppData\Local\Programs\MiKTeX\tex/latex/amsmath\amsgen.sty
File: amsgen.sty 1999/11/30 v2.0 generic functions
\@emptytoks=\toks23
\ex@=\dimen164
))
(C:\Users\jules\AppData\Local\Programs\MiKTeX\tex/latex/amsmath\amsbsy.sty
Package: amsbsy 1999/11/29 v1.2d Bold Symbols
\pmbraise@=\dimen165
)
(C:\Users\jules\AppData\Local\Programs\MiKTeX\tex/latex/amsmath\amsopn.sty
Package: amsopn 2022/04/08 v2.04 operator names
)
\inf@bad=\count295
LaTeX Info: Redefining \frac on input line 233.
\uproot@=\count296
\leftroot@=\count297
LaTeX Info: Redefining \overline on input line 398.
LaTeX Info: Redefining \colon on input line 409.
\classnum@=\count298
\DOTSCASE@=\count299
LaTeX Info: Redefining \ldots on input line 495.
LaTeX Info: Redefining \dots on input line 498.
LaTeX Info: Redefining \cdots on input line 619.
\Mathstrutbox@=\box59
\strutbox@=\box60
LaTeX Info: Redefining \big on input line 721.
LaTeX Info: Redefining \Big on input line 722.
LaTeX Info: Redefining \bigg on input line 723.
LaTeX Info: Redefining \Bigg on input line 724.
\big@size=\dimen166
LaTeX Font Info:    Redeclaring font encoding OML on input line 742.
LaTeX Font Info:    Redeclaring font encoding OMS on input line 743.
\macc@depth=\count300
LaTeX Info: Redefining \bmod on input line 904.
LaTeX Info: Redefining \pmod on input line 909.
LaTeX Info: Redefining \smash on input line 939.
LaTeX Info: Redefining \relbar on input line 969.
LaTeX Info: Redefining \Relbar on input line 970.
\c@MaxMatrixCols=\count301
\dotsspace@=\muskip17
\c@parentequation=\count302
\dspbrk@lvl=\count303
\tag@help=\toks24
\row@=\count304
\column@=\count305
\maxfields@=\count306
\andhelp@=\toks25
\eqnshift@=\dimen167
\alignsep@=\dimen168
\tagshift@=\dimen169
\tagwidth@=\dimen170
\totwidth@=\dimen171
\lineht@=\dimen172
\@envbody=\toks26
\multlinegap=\skip56
\multlinetaggap=\skip57
\mathdisplay@stack=\toks27
LaTeX Info: Redefining \[ on input line 2950.
LaTeX Info: Redefining \] on input line 2951.
)
(C:\Users\jules\AppData\Local\Programs\MiKTeX\tex/latex/amsfonts\amssymb.sty
Package: amssymb 2013/01/14 v3.01 AMS font symbols

(C:\Users\jules\AppData\Local\Programs\MiKTeX\tex/latex/amsfonts\amsfonts.sty
Package: amsfonts 2013/01/14 v3.01 Basic AMSFonts support
\symAMSa=\mathgroup4
\symAMSb=\mathgroup5
LaTeX Font Info:    Redeclaring math symbol \hbar on input line 98.
LaTeX Font Info:    Overwriting math alphabet `\mathfrak' in version `bold'
(Font)                  U/euf/m/n --> U/euf/b/n on input line 106.
)) (C:\Users\jules\AppData\Local\Programs\MiKTeX\tex/latex/tools\bm.sty
Package: bm 2025/10/21 v1.2g Bold Symbol Support (DPC/FMi)
\symboldoperators=\mathgroup6
\symboldletters=\mathgroup7
\symboldsymbols=\mathgroup8
Package bm Info: No bold for \OMX/cmex/m/n, using \pmb.
Package bm Info: No bold for \U/msa/m/n, using \pmb.
Package bm Info: No bold for \U/msb/m/n, using \pmb.
LaTeX Font Info:    Redeclaring math alphabet \mathbf on input line 149.
)
(C:\Users\jules\AppData\Local\Programs\MiKTeX\tex/latex/hyperref\hyperref.sty
Package: hyperref 2025-07-12 v7.01o Hypertext links for LaTeX

(C:\Users\jules\AppData\Local\Programs\MiKTeX\tex/latex/kvsetkeys\kvsetkeys.sty
Package: kvsetkeys 2022-10-05 v1.19 Key value parser (HO)
)
(C:\Users\jules\AppData\Local\Programs\MiKTeX\tex/generic/kvdefinekeys\kvdefine
keys.sty
Package: kvdefinekeys 2019-12-19 v1.6 Define keys (HO)
)
(C:\Users\jules\AppData\Local\Programs\MiKTeX\tex/generic/pdfescape\pdfescape.s
ty
Package: pdfescape 2019/12/09 v1.15 Implements pdfTeX's escape features (HO)

(C:\Users\jules\AppData\Local\Programs\MiKTeX\tex/generic/ltxcmds\ltxcmds.sty
Package: ltxcmds 2023-12-04 v1.26 LaTeX kernel commands for general use (HO)
)
(C:\Users\jules\AppData\Local\Programs\MiKTeX\tex/generic/pdftexcmds\pdftexcmds
.sty
Package: pdftexcmds 2020-06-27 v0.33 Utility functions of pdfTeX for LuaTeX (HO
)

(C:\Users\jules\AppData\Local\Programs\MiKTeX\tex/generic/infwarerr\infwarerr.s
ty
Package: infwarerr 2019/12/03 v1.5 Providing info/warning/error messages (HO)
)
Package pdftexcmds Info: \pdf@primitive is available.
Package pdftexcmds Info: \pdf@ifprimitive is available.
Package pdftexcmds Info: \pdfdraftmode found.
))
(C:\Users\jules\AppData\Local\Programs\MiKTeX\tex/latex/hycolor\hycolor.sty
Package: hycolor 2020-01-27 v1.10 Color options for hyperref/bookmark (HO)
)
(C:\Users\jules\AppData\Local\Programs\MiKTeX\tex/latex/hyperref\nameref.sty
Package: nameref 2025-06-21 v2.57 Cross-referencing by name of section

(C:\Users\jules\AppData\Local\Programs\MiKTeX\tex/latex/refcount\refcount.sty
Package: refcount 2019/12/15 v3.6 Data extraction from label references (HO)
)
(C:\Users\jules\AppData\Local\Programs\MiKTeX\tex/generic/gettitlestring\gettit
lestring.sty
Package: gettitlestring 2019/12/15 v1.6 Cleanup title references (HO)

(C:\Users\jules\AppData\Local\Programs\MiKTeX\tex/latex/kvoptions\kvoptions.sty
Package: kvoptions 2022-06-15 v3.15 Key value format for package options (HO)
))
\c@section@level=\count307
)
(C:\Users\jules\AppData\Local\Programs\MiKTeX\tex/generic/stringenc\stringenc.s
ty
Package: stringenc 2019/11/29 v1.12 Convert strings between diff. encodings (HO
)
)
\@linkdim=\dimen173
\Hy@linkcounter=\count308
\Hy@pagecounter=\count309
 (C:\Users\jules\AppData\Local\Programs\MiKTeX\tex/latex/hyperref\pd1enc.def
File: pd1enc.def 2025-07-12 v7.01o Hyperref: PDFDocEncoding definition (HO)
Now handling font encoding PD1 ...
... no UTF-8 mapping file for font encoding PD1
) (C:\Users\jules\AppData\Local\Programs\MiKTeX\tex/generic/intcalc\intcalc.sty
Package: intcalc 2019/12/15 v1.3 Expandable calculations with integers (HO)
)
\Hy@SavedSpaceFactor=\count310
 (C:\Users\jules\AppData\Local\Programs\MiKTeX\tex/latex/hyperref\puenc.def
File: puenc.def 2025-07-12 v7.01o Hyperref: PDF Unicode definition (HO)
Now handling font encoding PU ...
... no UTF-8 mapping file for font encoding PU
)
Package hyperref Info: Hyper figures OFF on input line 4195.
Package hyperref Info: Link nesting OFF on input line 4200.
Package hyperref Info: Hyper index ON on input line 4203.
Package hyperref Info: Plain pages OFF on input line 4210.
Package hyperref Info: Backreferencing OFF on input line 4215.
Package hyperref Info: Implicit mode ON; LaTeX internals redefined.
Package hyperref Info: Bookmarks ON on input line 4462.
\c@Hy@tempcnt=\count311

(C:\Users\jules\AppData\Local\Programs\MiKTeX\tex/latex/url\url.sty
\Urlmuskip=\muskip18
Package: url 2013/09/16  ver 3.4  Verb mode for urls, etc.
)
LaTeX Info: Redefining \url on input line 4801.
\XeTeXLinkMargin=\dimen174

(C:\Users\jules\AppData\Local\Programs\MiKTeX\tex/generic/bitset\bitset.sty
Package: bitset 2019/12/09 v1.3 Handle bit-vector datatype (HO)

(C:\Users\jules\AppData\Local\Programs\MiKTeX\tex/generic/bigintcalc\bigintcalc
.sty
Package: bigintcalc 2019/12/15 v1.5 Expandable calculations on big integers (HO
)
))
\Fld@menulength=\count312
\Field@Width=\dimen175
\Fld@charsize=\dimen176
Package hyperref Info: Hyper figures OFF on input line 6078.
Package hyperref Info: Link nesting OFF on input line 6083.
Package hyperref Info: Hyper index ON on input line 6086.
Package hyperref Info: backreferencing OFF on input line 6093.
Package hyperref Info: Link coloring OFF on input line 6098.
Package hyperref Info: Link coloring with OCG OFF on input line 6103.
Package hyperref Info: PDF/A mode OFF on input line 6108.
\Hy@abspage=\count313
\c@Item=\count314
\c@Hfootnote=\count315
)
Package hyperref Info: Driver (autodetected): hpdftex.

(C:\Users\jules\AppData\Local\Programs\MiKTeX\tex/latex/hyperref\hpdftex.def
File: hpdftex.def 2025-07-12 v7.01o Hyperref driver for pdfTeX
\Fld@listcount=\count316
\c@bookmark@seq@number=\count317

(C:\Users\jules\AppData\Local\Programs\MiKTeX\tex/latex/rerunfilecheck\rerunfil
echeck.sty
Package: rerunfilecheck 2025-06-21 v1.11 Rerun checks for auxiliary files (HO)

(C:\Users\jules\AppData\Local\Programs\MiKTeX\tex/generic/uniquecounter\uniquec
ounter.sty
Package: uniquecounter 2019/12/15 v1.4 Provide unlimited unique counter (HO)
)
Package uniquecounter Info: New unique counter `rerunfilecheck' on input line 2
84.
)
\Hy@SectionHShift=\skip58
)
(C:\Users\jules\AppData\Local\Programs\MiKTeX\tex/latex/booktabs\booktabs.sty
Package: booktabs 2020/01/12 v1.61803398 Publication quality tables
\heavyrulewidth=\dimen177
\lightrulewidth=\dimen178
\cmidrulewidth=\dimen179
\belowrulesep=\dimen180
\belowbottomsep=\dimen181
\aboverulesep=\dimen182
\abovetopsep=\dimen183
\cmidrulesep=\dimen184
\cmidrulekern=\dimen185
\defaultaddspace=\dimen186
\@cmidla=\count318
\@cmidlb=\count319
\@aboverulesep=\dimen187
\@belowrulesep=\dimen188
\@thisruleclass=\count320
\@lastruleclass=\count321
\@thisrulewidth=\dimen189
)
(C:\Users\jules\AppData\Local\Programs\MiKTeX\tex/latex/titlesec\titlesec.sty
Package: titlesec 2025/01/04 v2.17 Sectioning titles
\ttl@box=\box61
\beforetitleunit=\skip59
\aftertitleunit=\skip60
\ttl@plus=\dimen190
\ttl@minus=\dimen191
\ttl@toksa=\toks28
\titlewidth=\dimen192
\titlewidthlast=\dimen193
\titlewidthfirst=\dimen194


Package titlesec Warning: Non standard sectioning command \paragraph
(titlesec)                detected. Using default spacing and no format.

) (C:\Users\jules\AppData\Local\Programs\MiKTeX\tex/latex/tools\longtable.sty
Package: longtable 2025-10-13 v4.24 Multi-page Table package (DPC)
\LTleft=\skip61
\LTright=\skip62
\LTpre=\skip63
\LTpost=\skip64
\LTchunksize=\count322
\LTcapwidth=\dimen195
\LT@head=\box62
\LT@firsthead=\box63
\LT@foot=\box64
\LT@lastfoot=\box65
\LT@gbox=\box66
\LT@cols=\count323
\LT@rows=\count324
\c@LT@tables=\count325
\c@LT@chunks=\count326
\LT@p@ftn=\toks29
)
(C:\Users\jules\AppData\Local\Programs\MiKTeX\tex/latex/caption\caption.sty
Package: caption 2023/08/05 v3.6o Customizing captions (AR)

(C:\Users\jules\AppData\Local\Programs\MiKTeX\tex/latex/caption\caption3.sty
Package: caption3 2023/07/31 v2.4d caption3 kernel (AR)
\caption@tempdima=\dimen196
\captionmargin=\dimen197
\caption@leftmargin=\dimen198
\caption@rightmargin=\dimen199
\caption@width=\dimen256
\caption@indent=\dimen257
\caption@parindent=\dimen258
\caption@hangindent=\dimen259
Package caption Info: elsarticle document class detected.

(C:\Users\jules\AppData\Local\Programs\MiKTeX\tex/latex/caption\caption-elsarti
cle.sto
File: caption-elsarticle.sto 2020/08/22 v2.0 Adaption of the caption package to
 the elsarticle document class (AR)
))
\c@caption@flags=\count327
\c@continuedfloat=\count328
Package caption Info: hyperref package is loaded.
Package caption Info: longtable package is loaded.

(C:\Users\jules\AppData\Local\Programs\MiKTeX\tex/latex/caption\ltcaption.sty
Package: ltcaption 2021/01/08 v1.4c longtable captions (AR)
))
(C:\Users\jules\OneDrive - The University of Manchester\Internships\projects\en
ergy\paper 5\manuscript\manuscript.aux)
\openout1 = `manuscript.aux'.

LaTeX Font Info:    Checking defaults for OML/cmm/m/it on input line 29.
LaTeX Font Info:    ... okay on input line 29.
LaTeX Font Info:    Checking defaults for OMS/cmsy/m/n on input line 29.
LaTeX Font Info:    ... okay on input line 29.
LaTeX Font Info:    Checking defaults for OT1/cmr/m/n on input line 29.
LaTeX Font Info:    ... okay on input line 29.
LaTeX Font Info:    Checking defaults for T1/cmr/m/n on input line 29.
LaTeX Font Info:    ... okay on input line 29.
LaTeX Font Info:    Checking defaults for TS1/cmr/m/n on input line 29.
LaTeX Font Info:    ... okay on input line 29.
LaTeX Font Info:    Checking defaults for OMX/cmex/m/n on input line 29.
LaTeX Font Info:    ... okay on input line 29.
LaTeX Font Info:    Checking defaults for U/cmr/m/n on input line 29.
LaTeX Font Info:    ... okay on input line 29.
LaTeX Font Info:    Checking defaults for PD1/pdf/m/n on input line 29.
LaTeX Font Info:    ... okay on input line 29.
LaTeX Font Info:    Checking defaults for PU/pdf/m/n on input line 29.
LaTeX Font Info:    ... okay on input line 29.

(C:\Users\jules\AppData\Local\Programs\MiKTeX\tex/context/base/mkii\supp-pdf.mk
ii
[Loading MPS to PDF converter (version 2006.09.02).]
\scratchcounter=\count329
\scratchdimen=\dimen260
\scratchbox=\box67
\nofMPsegments=\count330
\nofMParguments=\count331
\everyMPshowfont=\toks30
\MPscratchCnt=\count332
\MPscratchDim=\dimen261
\MPnumerator=\count333
\makeMPintoPDFobject=\count334
\everyMPtoPDFconversion=\toks31
)
(C:\Users\jules\AppData\Local\Programs\MiKTeX\tex/latex/epstopdf-pkg\epstopdf-b
ase.sty
Package: epstopdf-base 2020-01-24 v2.11 Base part for package epstopdf
Package epstopdf-base Info: Redefining graphics rule for `.eps' on input line 4
85.

(C:\Users\jules\AppData\Local\Programs\MiKTeX\tex/latex/00miktex\epstopdf-sys.c
fg
File: epstopdf-sys.cfg 2021/03/18 v2.0 Configuration of epstopdf for MiKTeX
))
*geometry* driver: auto-detecting
*geometry* detected driver: pdftex
*geometry* verbose mode - [ preamble ] result:
* driver: pdftex
* paper: a4paper
* layout: <same size as paper>
* layoutoffset:(h,v)=(0.0pt,0.0pt)
* modes: 
* h-part:(L,W,R)=(35.56593pt, 526.376pt, 35.56593pt)
* v-part:(T,H,B)=(42.67912pt, 759.6886pt, 42.67912pt)
* \paperwidth=597.50787pt
* \paperheight=845.04684pt
* \textwidth=526.376pt
* \textheight=759.6886pt
* \oddsidemargin=-36.70406pt
* \evensidemargin=-36.70406pt
* \topmargin=-66.59087pt
* \headheight=12.0pt
* \headsep=25.0pt
* \topskip=11.0pt
* \footskip=30.0pt
* \marginparwidth=4.0pt
* \marginparsep=10.0pt
* \columnsep=10.0pt
* \skip\footins=24.0pt
* \hoffset=0.0pt
* \voffset=0.0pt
* \mag=1000
* \@twocolumntrue
* \@twosidefalse
* \@mparswitchfalse
* \@reversemarginfalse
* (1in=72.27pt=25.4mm, 1cm=28.453pt)

Package hyperref Info: Link coloring OFF on input line 29.

(C:\Users\jules\OneDrive - The University of Manchester\Internships\projects\en
ergy\paper 5\manuscript\manuscript.out)
(C:\Users\jules\OneDrive - The University of Manchester\Internships\projects\en
ergy\paper 5\manuscript\manuscript.out)
\@outlinefile=\write4
\openout4 = `manuscript.out'.

Package caption Info: Begin \AtBeginDocument code.
Package caption Info: End \AtBeginDocument code.
LaTeX Font Info:    Trying to load font information for U+msa on input line 37.


(C:\Users\jules\AppData\Local\Programs\MiKTeX\tex/latex/amsfonts\umsa.fd
File: umsa.fd 2013/01/14 v3.01 AMS symbols A
)
LaTeX Font Info:    Trying to load font information for U+msb on input line 37.


(C:\Users\jules\AppData\Local\Programs\MiKTeX\tex/latex/amsfonts\umsb.fd
File: umsb.fd 2013/01/14 v3.01 AMS symbols B
)
[1

{C:/Users/jules/AppData/Local/MiKTeX/fonts/map/pdftex/pdftex.map}

] [2

]
<figures/fig1.png, id=177, 860.013pt x 715.473pt>
File: figures/fig1.png Graphic file (type png)
<use figures/fig1.png>
Package pdftex.def Info: figures/fig1.png  used on input line 107.
(pdftex.def)             Requested size: 447.4228pt x 372.22278pt.

Underfull \hbox (badness 1168) in paragraph at lines 129--131
[]\T1/cmr/bx/n/10.95 Multi-Dimensional It-er-a-tive Pro-por-tional
 []


Underfull \hbox (badness 2189) in paragraph at lines 129--131
\T1/cmr/bx/n/10.95 Fit-ting (IPF): \T1/cmr/m/n/10.95 To ac-cu-rately rep-re-sen
t the
 []


Underfull \hbox (badness 2343) in paragraph at lines 129--131
\T1/cmr/m/n/10.95 Bun-ga-low), Age Band (Pre-1900 to 2007+),
 []

[3]
Underfull \vbox (badness 10000) has occurred while \output is active []


Underfull \hbox (badness 2020) in paragraph at lines 199--207
\T1/cmr/m/n/10.95 quire-ment $\OML/cmm/m/it/10.95 T[]$ \T1/cmr/m/n/10.95 (kWh/y
ear) is com-puted via a 5-
 []

[4 <C:/Users/jules/OneDrive - The University of Manchester/Internships/projects
/energy/paper 5/manuscript/figures/fig1.png>]
Underfull \vbox (badness 10000) has occurred while \output is active []

 [5]
[6]
Underfull \vbox (badness 1412) has occurred while \output is active []


Underfull \hbox (badness 2027) in paragraph at lines 317--318
[]\T1/cmr/m/n/10.95 Where $\OML/cmm/m/it/10.95 y[]$ \T1/cmr/m/n/10.95 is the me
an ob-served To-tal De-liv-
 []

[7]
Underfull \hbox (badness 1270) in paragraph at lines 369--371
[]\T1/cmr/m/n/10.95 The ad-justed met-ric pro-vides a high-resolution,
 []

<figures/fig2.png, id=252, 699.8145pt x 663.1977pt>
File: figures/fig2.png Graphic file (type png)
<use figures/fig2.png>
Package pdftex.def Info: figures/fig2.png  used on input line 376.
(pdftex.def)             Requested size: 252.65823pt x 239.429pt.
<figures/fig4.png, id=253, 687.5286pt x 562.2606pt>
File: figures/fig4.png Graphic file (type png)
<use figures/fig4.png>
Package pdftex.def Info: figures/fig4.png  used on input line 386.
(pdftex.def)             Requested size: 252.65823pt x 206.62614pt.
<figures/fig5.png, id=254, 729.4452pt x 660.066pt>
File: figures/fig5.png Graphic file (type png)
<use figures/fig5.png>
Package pdftex.def Info: figures/fig5.png  used on input line 393.
(pdftex.def)             Requested size: 252.65823pt x 228.6194pt.

Underfull \hbox (badness 1253) in paragraph at lines 402--404
\T1/cmr/m/n/10.95 ther-mal re-quire-ment ($\OML/cmm/m/it/10.95 T[]$\T1/cmr/m/n/
10.95 ) is re-cov-ered at \T1/cmr/bx/n/10.95 10,740
 []

[8] [9 <C:/Users/jules/OneDrive - The University of Manchester/Internships/proj
ects/energy/paper 5/manuscript/figures/fig2.png> <C:/Users/jules/OneDrive - The
 University of Manchester/Internships/projects/energy/paper 5/manuscript/figure
s/fig4.png> <C:/Users/jules/OneDrive - The University of Manchester/Internships
/projects/energy/paper 5/manuscript/figures/fig5.png>]
Underfull \hbox (badness 1092) in paragraph at lines 430--433
\T1/cmr/m/n/10.95 work, we ex-am-ine two di-ver-gent MSOAs: North
 []

[10]
Underfull \hbox (badness 10000) in paragraph at lines 494--495
[]\T1/cmr/m/n/10.95 To es-tab-lish the ex-ter-nal rel-e-vance of the
 []


Underfull \hbox (badness 1342) in paragraph at lines 494--495
\T1/cmr/m/n/10.95 behaviorally-adjusted met-ric, we per-formed a Lo-
 []


Underfull \hbox (badness 1558) in paragraph at lines 494--495
\T1/cmr/m/n/10.95 anal-y-sis yielded a \T1/cmr/bx/n/10.95 strong neg-a-tive cor
-re-la-tion
 []


Underfull \hbox (badness 7064) in paragraph at lines 494--495
\T1/cmr/m/n/10.95 struc-tural in-ef-fi-ciency ex-hibit sig-nif-i-cantly lower
 []


Underfull \hbox (badness 1521) in paragraph at lines 494--495
\T1/cmr/m/n/10.95 ab-so-lute me-tered spend, con-firm-ing that phys-i-cal
 []


Underfull \hbox (badness 3965) in paragraph at lines 520--521
[]\T1/cmr/bx/n/10.95 Generalization and Scal-ing: \T1/cmr/m/n/10.95 The run-tim
e
 []


Underfull \hbox (badness 1067) in paragraph at lines 520--521
\T1/cmr/m/n/10.95 grows lin-early with the num-ber of neigh-bor-hoods
 []

[11]
Underfull \hbox (badness 6526) in paragraph at lines 559--563
[]\T1/cmr/m/n/10.95 The behaviorally-adjusted ther-mal re-quire-ment
 []


Underfull \hbox (badness 1394) in paragraph at lines 564--565
\T1/cmr/m/n/10.95 sat-is-fac-tory con-ver-gence ($[] \OT1/cmr/m/n/10.95 = 1\OML
/cmm/m/it/10.95 :\OT1/cmr/m/n/10.95 01$\T1/cmr/m/n/10.95 ; $[] \OT1/cmr/m/n/10.
95 =
 []

[12] [13] [14]
(C:\Users\jules\OneDrive - The University of Manchester\Internships\projects\en
ergy\paper 5\manuscript\manuscript.bbl
Underfull \hbox (badness 5345) in paragraph at lines 25--31
\T1/cmr/m/n/10.95 as-sump-tions un-der-ly-ing Cal-i-for-nia res-i-den-tial
 []


Underfull \hbox (badness 1152) in paragraph at lines 25--31
\T1/cmr/m/n/10.95 sec-tor en-ergy ef-fi-ciency pro-grams[], Tech. rep.,
 []


Underfull \hbox (badness 10000) in paragraph at lines 25--31
\T1/cmr/m/n/10.95 URL []$\T1/cmtt/m/n/10.95 https : / / uc-[]ciee . org / behav
ior /
 []

[15]
Underfull \hbox (badness 6658) in paragraph at lines 144--147
[]\T1/cmr/m/n/10.95 P. Wilkin-son, M. Lan-don, B. Arm-strong,
 []

) [16

]
(C:\Users\jules\OneDrive - The University of Manchester\Internships\projects\en
ergy\paper 5\manuscript\manuscript.aux)
 ***********
LaTeX2e <2025-11-01>
L3 programming layer <2025-12-24>
 ***********
Package rerunfilecheck Info: File `manuscript.out' has not changed.
(rerunfilecheck)             Checksum: 779D37FCC92CE2E46E40961415B17270;7748.
 ) 
Here is how much of TeX's memory you used:
 13436 strings out of 467871
 211426 string characters out of 5418376
 644801 words of memory out of 5000000
 42036 multiletter control sequences out of 15000+600000
 647653 words of font info for 95 fonts, out of 8000000 for 9000
 1141 hyphenation exceptions out of 8191
 75i,10n,79p,2010b,618s stack positions out of 10000i,1000n,20000p,200000b,200000s
 <C:\Users\jules\AppData\Local\MiKTeX\fonts/pk/ljfour/jknappen/ec/dpi600\ectt
0900.pk> <C:\Users\jules\AppData\Local\MiKTeX\fonts/pk/ljfour/jknappen/ec/dpi60
0\tcrm1095.pk> <C:\Users\jules\AppData\Local\MiKTeX\fonts/pk/ljfour/jknappen/ec
/dpi600\ectt1095.pk> <C:\Users\jules\AppData\Local\MiKTeX\fonts/pk/ljfour/jknap
pen/ec/dpi600\ecrm0900.pk> <C:\Users\jules\AppData\Local\MiKTeX\fonts/pk/ljfour
/jknappen/ec/dpi600\ecti1095.pk> <C:\Users\jules\AppData\Local\MiKTeX\fonts/pk/
ljfour/jknappen/ec/dpi600\ecrm1440.pk> <C:\Users\jules\AppData\Local\MiKTeX\fon
ts/pk/ljfour/jknappen/ec/dpi600\ecrm1095.pk> <C:\Users\jules\AppData\Local\MiKT
eX\fonts/pk/ljfour/jknappen/ec/dpi600\ecbx1095.pk><C:/Users/jules/AppData/Local
/Programs/MiKTeX/fonts/type1/public/amsfonts/cm/cmex10.pfb><C:/Users/jules/AppD
ata/Local/Programs/MiKTeX/fonts/type1/public/amsfonts/cm/cmmi10.pfb><C:/Users/j
ules/AppData/Local/Programs/MiKTeX/fonts/type1/public/amsfonts/cm/cmmi6.pfb><C:
/Users/jules/AppData/Local/Programs/MiKTeX/fonts/type1/public/amsfonts/cm/cmmi8
.pfb><C:/Users/jules/AppData/Local/Programs/MiKTeX/fonts/type1/public/amsfonts/
cm/cmmi9.pfb><C:/Users/jules/AppData/Local/Programs/MiKTeX/fonts/type1/public/a
msfonts/cm/cmmib10.pfb><C:/Users/jules/AppData/Local/Programs/MiKTeX/fonts/type
1/public/amsfonts/cm/cmr10.pfb><C:/Users/jules/AppData/Local/Programs/MiKTeX/fo
nts/type1/public/amsfonts/cm/cmr6.pfb><C:/Users/jules/AppData/Local/Programs/Mi
KTeX/fonts/type1/public/amsfonts/cm/cmr8.pfb><C:/Users/jules/AppData/Local/Prog
rams/MiKTeX/fonts/type1/public/amsfonts/cm/cmr9.pfb><C:/Users/jules/AppData/Loc
al/Programs/MiKTeX/fonts/type1/public/amsfonts/cm/cmsy10.pfb><C:/Users/jules/Ap
pData/Local/Programs/MiKTeX/fonts/type1/public/amsfonts/cm/cmsy6.pfb><C:/Users/
jules/AppData/Local/Programs/MiKTeX/fonts/type1/public/amsfonts/cm/cmsy8.pfb>
Output written on "C:\Users\jules\OneDrive - The University of Manchester\Inter
nships\projects\energy\paper 5\manuscript\manuscript.pdf" (16 pages, 4015197 by
tes).
PDF statistics:
 819 PDF objects out of 1000 (max. 8388607)
 91 named destinations out of 1000 (max. 500000)
 269 words of extra memory for PDF output out of 10000 (max. 10000000)

