This is pdfTeX, Version 3.141592653-2.6-1.40.22 (TeX Live 2021/W32TeX) (preloaded format=pdflatex 2021.5.5)  7 JUN 2026 07:20
entering extended mode
 restricted \write18 enabled.
 %&-line parsing enabled.
**manuscript.tex
(./manuscript.tex
LaTeX2e <2020-10-01> patch level 4
L3 programming layer <2021-02-18>
(c:/TEXLIVE/2021/texmf-dist/tex/latex/base/article.cls
Document Class: article 2020/04/10 v1.4m Standard LaTeX document class
(c:/TEXLIVE/2021/texmf-dist/tex/latex/base/size11.clo
File: size11.clo 2020/04/10 v1.4m Standard LaTeX file (size option)
)
\c@part=\count179
\c@section=\count180
\c@subsection=\count181
\c@subsubsection=\count182
\c@paragraph=\count183
\c@subparagraph=\count184
\c@figure=\count185
\c@table=\count186
\abovecaptionskip=\skip47
\belowcaptionskip=\skip48
\bibindent=\dimen138
)
(c:/TEXLIVE/2021/texmf-dist/tex/latex/base/inputenc.sty
Package: inputenc 2020/08/01 v1.3d Input encoding file
\inpenc@prehook=\toks15
\inpenc@posthook=\toks16
)
(c:/TEXLIVE/2021/texmf-dist/tex/latex/geometry/geometry.sty
Package: geometry 2020/01/02 v5.9 Page Geometry

(c:/TEXLIVE/2021/texmf-dist/tex/latex/graphics/keyval.sty
Package: keyval 2014/10/28 v1.15 key=value parser (DPC)
\KV@toks@=\toks17
)
(c:/TEXLIVE/2021/texmf-dist/tex/generic/iftex/ifvtex.sty
Package: ifvtex 2019/10/25 v1.7 ifvtex legacy package. Use iftex instead.

(c:/TEXLIVE/2021/texmf-dist/tex/generic/iftex/iftex.sty
Package: iftex 2020/03/06 v1.0d TeX engine tests
))
\Gm@cnth=\count187
\Gm@cntv=\count188
\c@Gm@tempcnt=\count189
\Gm@bindingoffset=\dimen139
\Gm@wd@mp=\dimen140
\Gm@odd@mp=\dimen141
\Gm@even@mp=\dimen142
\Gm@layoutwidth=\dimen143
\Gm@layoutheight=\dimen144
\Gm@layouthoffset=\dimen145
\Gm@layoutvoffset=\dimen146
\Gm@dimlist=\toks18
)
(c:/TEXLIVE/2021/texmf-dist/tex/latex/amsmath/amsmath.sty
Package: amsmath 2020/09/23 v2.17i AMS math features
\@mathmargin=\skip49

For additional information on amsmath, use the `?' option.
(c:/TEXLIVE/2021/texmf-dist/tex/latex/amsmath/amstext.sty
Package: amstext 2000/06/29 v2.01 AMS text

(c:/TEXLIVE/2021/texmf-dist/tex/latex/amsmath/amsgen.sty
File: amsgen.sty 1999/11/30 v2.0 generic functions
\@emptytoks=\toks19
\ex@=\dimen147
))
(c:/TEXLIVE/2021/texmf-dist/tex/latex/amsmath/amsbsy.sty
Package: amsbsy 1999/11/29 v1.2d Bold Symbols
\pmbraise@=\dimen148
)
(c:/TEXLIVE/2021/texmf-dist/tex/latex/amsmath/amsopn.sty
Package: amsopn 2016/03/08 v2.02 operator names
)
\inf@bad=\count190
LaTeX Info: Redefining \frac on input line 234.
\uproot@=\count191
\leftroot@=\count192
LaTeX Info: Redefining \overline on input line 399.
\classnum@=\count193
\DOTSCASE@=\count194
LaTeX Info: Redefining \ldots on input line 496.
LaTeX Info: Redefining \dots on input line 499.
LaTeX Info: Redefining \cdots on input line 620.
\Mathstrutbox@=\box47
\strutbox@=\box48
\big@size=\dimen149
LaTeX Font Info:    Redeclaring font encoding OML on input line 743.
LaTeX Font Info:    Redeclaring font encoding OMS on input line 744.
\macc@depth=\count195
\c@MaxMatrixCols=\count196
\dotsspace@=\muskip16
\c@parentequation=\count197
\dspbrk@lvl=\count198
\tag@help=\toks20
\row@=\count199
\column@=\count266
\maxfields@=\count267
\andhelp@=\toks21
\eqnshift@=\dimen150
\alignsep@=\dimen151
\tagshift@=\dimen152
\tagwidth@=\dimen153
\totwidth@=\dimen154
\lineht@=\dimen155
\@envbody=\toks22
\multlinegap=\skip50
\multlinetaggap=\skip51
\mathdisplay@stack=\toks23
LaTeX Info: Redefining \[ on input line 2923.
LaTeX Info: Redefining \] on input line 2924.
)
(c:/TEXLIVE/2021/texmf-dist/tex/latex/amsfonts/amssymb.sty
Package: amssymb 2013/01/14 v3.01 AMS font symbols

(c:/TEXLIVE/2021/texmf-dist/tex/latex/amsfonts/amsfonts.sty
Package: amsfonts 2013/01/14 v3.01 Basic AMSFonts support
\symAMSa=\mathgroup4
\symAMSb=\mathgroup5
LaTeX Font Info:    Redeclaring math symbol \hbar on input line 98.
LaTeX Font Info:    Overwriting math alphabet `\mathfrak' in version `bold'
(Font)                  U/euf/m/n --> U/euf/b/n on input line 106.
))
(c:/TEXLIVE/2021/texmf-dist/tex/latex/tools/bm.sty
Package: bm 2019/07/24 v1.2d Bold Symbol Support (DPC/FMi)
\symboldoperators=\mathgroup6
\symboldletters=\mathgroup7
\symboldsymbols=\mathgroup8
LaTeX Font Info:    Redeclaring math alphabet \mathbf on input line 141.
LaTeX Info: Redefining \bm on input line 209.
)
(c:/TEXLIVE/2021/texmf-dist/tex/latex/natbib/natbib.sty
Package: natbib 2010/09/13 8.31b (PWD, AO)
\bibhang=\skip52
\bibsep=\skip53
LaTeX Info: Redefining \cite on input line 694.
\c@NAT@ctr=\count268
)
(c:/TEXLIVE/2021/texmf-dist/tex/latex/graphics/graphicx.sty
Package: graphicx 2020/09/09 v1.2b Enhanced LaTeX Graphics (DPC,SPQR)

(c:/TEXLIVE/2021/texmf-dist/tex/latex/graphics/graphics.sty
Package: graphics 2020/08/30 v1.4c Standard LaTeX Graphics (DPC,SPQR)

(c:/TEXLIVE/2021/texmf-dist/tex/latex/graphics/trig.sty
Package: trig 2016/01/03 v1.10 sin cos tan (DPC)
)
(c:/TEXLIVE/2021/texmf-dist/tex/latex/graphics-cfg/graphics.cfg
File: graphics.cfg 2016/06/04 v1.11 sample graphics configuration
)
Package graphics Info: Driver file: pdftex.def on input line 105.

(c:/TEXLIVE/2021/texmf-dist/tex/latex/graphics-def/pdftex.def
File: pdftex.def 2020/10/05 v1.2a Graphics/color driver for pdftex
))
\Gin@req@height=\dimen156
\Gin@req@width=\dimen157
)
(c:/TEXLIVE/2021/texmf-dist/tex/latex/hyperref/hyperref.sty
Package: hyperref 2021-02-27 v7.00k Hypertext links for LaTeX

(c:/TEXLIVE/2021/texmf-dist/tex/generic/ltxcmds/ltxcmds.sty
Package: ltxcmds 2020-05-10 v1.25 LaTeX kernel commands for general use (HO)
)
(c:/TEXLIVE/2021/texmf-dist/tex/generic/pdftexcmds/pdftexcmds.sty
Package: pdftexcmds 2020-06-27 v0.33 Utility functions of pdfTeX for LuaTeX (HO
)

(c:/TEXLIVE/2021/texmf-dist/tex/generic/infwarerr/infwarerr.sty
Package: infwarerr 2019/12/03 v1.5 Providing info/warning/error messages (HO)
)
Package pdftexcmds Info: \pdf@primitive is available.
Package pdftexcmds Info: \pdf@ifprimitive is available.
Package pdftexcmds Info: \pdfdraftmode found.
)
(c:/TEXLIVE/2021/texmf-dist/tex/generic/kvsetkeys/kvsetkeys.sty
Package: kvsetkeys 2019/12/15 v1.18 Key value parser (HO)
)
(c:/TEXLIVE/2021/texmf-dist/tex/generic/kvdefinekeys/kvdefinekeys.sty
Package: kvdefinekeys 2019-12-19 v1.6 Define keys (HO)
)
(c:/TEXLIVE/2021/texmf-dist/tex/generic/pdfescape/pdfescape.sty
Package: pdfescape 2019/12/09 v1.15 Implements pdfTeX's escape features (HO)
)
(c:/TEXLIVE/2021/texmf-dist/tex/latex/hycolor/hycolor.sty
Package: hycolor 2020-01-27 v1.10 Color options for hyperref/bookmark (HO)
)
(c:/TEXLIVE/2021/texmf-dist/tex/latex/letltxmacro/letltxmacro.sty
Package: letltxmacro 2019/12/03 v1.6 Let assignment for LaTeX macros (HO)
)
(c:/TEXLIVE/2021/texmf-dist/tex/latex/auxhook/auxhook.sty
Package: auxhook 2019-12-17 v1.6 Hooks for auxiliary files (HO)
)
(c:/TEXLIVE/2021/texmf-dist/tex/latex/kvoptions/kvoptions.sty
Package: kvoptions 2020-10-07 v3.14 Key value format for package options (HO)
)
\@linkdim=\dimen158
\Hy@linkcounter=\count269
\Hy@pagecounter=\count270

(c:/TEXLIVE/2021/texmf-dist/tex/latex/hyperref/pd1enc.def
File: pd1enc.def 2021-02-27 v7.00k Hyperref: PDFDocEncoding definition (HO)
Now handling font encoding PD1 ...
... no UTF-8 mapping file for font encoding PD1
)
(c:/TEXLIVE/2021/texmf-dist/tex/latex/hyperref/hyperref-langpatches.def
File: hyperref-langpatches.def 2021-02-27 v7.00k Hyperref: patches for babel la
nguages
)
(c:/TEXLIVE/2021/texmf-dist/tex/generic/intcalc/intcalc.sty
Package: intcalc 2019/12/15 v1.3 Expandable calculations with integers (HO)
)
(c:/TEXLIVE/2021/texmf-dist/tex/generic/etexcmds/etexcmds.sty
Package: etexcmds 2019/12/15 v1.7 Avoid name clashes with e-TeX commands (HO)
)
\Hy@SavedSpaceFactor=\count271

(c:/TEXLIVE/2021/texmf-dist/tex/latex/hyperref/puenc.def
File: puenc.def 2021-02-27 v7.00k Hyperref: PDF Unicode definition (HO)
Now handling font encoding PU ...
... no UTF-8 mapping file for font encoding PU
)
Package hyperref Info: Hyper figures OFF on input line 4192.
Package hyperref Info: Link nesting OFF on input line 4197.
Package hyperref Info: Hyper index ON on input line 4200.
Package hyperref Info: Plain pages OFF on input line 4207.
Package hyperref Info: Backreferencing OFF on input line 4212.
Package hyperref Info: Implicit mode ON; LaTeX internals redefined.
Package hyperref Info: Bookmarks ON on input line 4445.
\c@Hy@tempcnt=\count272

(c:/TEXLIVE/2021/texmf-dist/tex/latex/url/url.sty
\Urlmuskip=\muskip17
Package: url 2013/09/16  ver 3.4  Verb mode for urls, etc.
)
LaTeX Info: Redefining \url on input line 4804.
\XeTeXLinkMargin=\dimen159

(c:/TEXLIVE/2021/texmf-dist/tex/generic/bitset/bitset.sty
Package: bitset 2019/12/09 v1.3 Handle bit-vector datatype (HO)

(c:/TEXLIVE/2021/texmf-dist/tex/generic/bigintcalc/bigintcalc.sty
Package: bigintcalc 2019/12/15 v1.5 Expandable calculations on big integers (HO
)
))
\Fld@menulength=\count273
\Field@Width=\dimen160
\Fld@charsize=\dimen161
Package hyperref Info: Hyper figures OFF on input line 6075.
Package hyperref Info: Link nesting OFF on input line 6080.
Package hyperref Info: Hyper index ON on input line 6083.
Package hyperref Info: backreferencing OFF on input line 6090.
Package hyperref Info: Link coloring OFF on input line 6095.
Package hyperref Info: Link coloring with OCG OFF on input line 6100.
Package hyperref Info: PDF/A mode OFF on input line 6105.
LaTeX Info: Redefining \ref on input line 6145.
LaTeX Info: Redefining \pageref on input line 6149.

(c:/TEXLIVE/2021/texmf-dist/tex/latex/base/atbegshi-ltx.sty
Package: atbegshi-ltx 2020/08/17 v1.0a Emulation of the original atbegshi packa
ge
with kernel methods
)
\Hy@abspage=\count274
\c@Item=\count275
\c@Hfootnote=\count276
)
Package hyperref Info: Driver (autodetected): hpdftex.

(c:/TEXLIVE/2021/texmf-dist/tex/latex/hyperref/hpdftex.def
File: hpdftex.def 2021-02-27 v7.00k Hyperref driver for pdfTeX

(c:/TEXLIVE/2021/texmf-dist/tex/latex/base/atveryend-ltx.sty
Package: atveryend-ltx 2020/08/19 v1.0a Emulation of the original atvery packag
e
with kernel methods
)
\Fld@listcount=\count277
\c@bookmark@seq@number=\count278

(c:/TEXLIVE/2021/texmf-dist/tex/latex/rerunfilecheck/rerunfilecheck.sty
Package: rerunfilecheck 2019/12/05 v1.9 Rerun checks for auxiliary files (HO)

(c:/TEXLIVE/2021/texmf-dist/tex/generic/uniquecounter/uniquecounter.sty
Package: uniquecounter 2019/12/15 v1.4 Provide unlimited unique counter (HO)
)
Package uniquecounter Info: New unique counter `rerunfilecheck' on input line 2
86.
)
\Hy@SectionHShift=\skip54
)
(c:/TEXLIVE/2021/texmf-dist/tex/latex/booktabs/booktabs.sty
Package: booktabs 2020/01/12 v1.61803398 Publication quality tables
\heavyrulewidth=\dimen162
\lightrulewidth=\dimen163
\cmidrulewidth=\dimen164
\belowrulesep=\dimen165
\belowbottomsep=\dimen166
\aboverulesep=\dimen167
\abovetopsep=\dimen168
\cmidrulesep=\dimen169
\cmidrulekern=\dimen170
\defaultaddspace=\dimen171
\@cmidla=\count279
\@cmidlb=\count280
\@aboverulesep=\dimen172
\@belowrulesep=\dimen173
\@thisruleclass=\count281
\@lastruleclass=\count282
\@thisrulewidth=\dimen174
)
(c:/TEXLIVE/2021/texmf-dist/tex/latex/titlesec/titlesec.sty
Package: titlesec 2019/10/16 v2.13 Sectioning titles
\ttl@box=\box49
\beforetitleunit=\skip55
\aftertitleunit=\skip56
\ttl@plus=\dimen175
\ttl@minus=\dimen176
\ttl@toksa=\toks24
\titlewidth=\dimen177
\titlewidthlast=\dimen178
\titlewidthfirst=\dimen179
)
(c:/TEXLIVE/2021/texmf-dist/tex/latex/tools/longtable.sty
Package: longtable 2020/01/07 v4.13 Multi-page Table package (DPC)
\LTleft=\skip57
\LTright=\skip58
\LTpre=\skip59
\LTpost=\skip60
\LTchunksize=\count283
\LTcapwidth=\dimen180
\LT@head=\box50
\LT@firsthead=\box51
\LT@foot=\box52
\LT@lastfoot=\box53
\LT@cols=\count284
\LT@rows=\count285
\c@LT@tables=\count286
\c@LT@chunks=\count287
\LT@p@ftn=\toks25
)
(c:/TEXLIVE/2021/texmf-dist/tex/latex/caption/caption.sty
Package: caption 2020/10/26 v3.5g Customizing captions (AR)

(c:/TEXLIVE/2021/texmf-dist/tex/latex/caption/caption3.sty
Package: caption3 2020/10/21 v2.2e caption3 kernel (AR)
\captionmargin=\dimen181
\captionmargin@=\dimen182
\captionwidth=\dimen183
\caption@tempdima=\dimen184
\caption@indent=\dimen185
\caption@parindent=\dimen186
\caption@hangindent=\dimen187
Package caption Info: Standard document class detected.
)
\c@caption@flags=\count288
\c@continuedfloat=\count289
Package caption Info: hyperref package is loaded.
Package caption Info: longtable package is loaded.

(c:/TEXLIVE/2021/texmf-dist/tex/latex/caption/ltcaption.sty
Package: ltcaption 2020/05/30 v1.4b longtable captions (AR)
))
(c:/TEXLIVE/2021/texmf-dist/tex/latex/l3backend/l3backend-pdftex.def
File: l3backend-pdftex.def 2021-03-18 L3 backend support: PDF output (pdfTeX)
\l__color_backend_stack_int=\count290
\l__pdf_internal_box=\box54
)
(./manuscript.aux)
\openout1 = `manuscript.aux'.

LaTeX Font Info:    Checking defaults for OML/cmm/m/it on input line 32.
LaTeX Font Info:    ... okay on input line 32.
LaTeX Font Info:    Checking defaults for OMS/cmsy/m/n on input line 32.
LaTeX Font Info:    ... okay on input line 32.
LaTeX Font Info:    Checking defaults for OT1/cmr/m/n on input line 32.
LaTeX Font Info:    ... okay on input line 32.
LaTeX Font Info:    Checking defaults for T1/cmr/m/n on input line 32.
LaTeX Font Info:    ... okay on input line 32.
LaTeX Font Info:    Checking defaults for TS1/cmr/m/n on input line 32.
LaTeX Font Info:    ... okay on input line 32.
LaTeX Font Info:    Checking defaults for OMX/cmex/m/n on input line 32.
LaTeX Font Info:    ... okay on input line 32.
LaTeX Font Info:    Checking defaults for U/cmr/m/n on input line 32.
LaTeX Font Info:    ... okay on input line 32.
LaTeX Font Info:    Checking defaults for PD1/pdf/m/n on input line 32.
LaTeX Font Info:    ... okay on input line 32.
LaTeX Font Info:    Checking defaults for PU/pdf/m/n on input line 32.
LaTeX Font Info:    ... okay on input line 32.

*geometry* driver: auto-detecting
*geometry* detected driver: pdftex
*geometry* verbose mode - [ preamble ] result:
* driver: pdftex
* paper: a4paper
* layout: <same size as paper>
* layoutoffset:(h,v)=(0.0pt,0.0pt)
* modes: 
* h-part:(L,W,R)=(35.56593pt, 526.376pt, 35.56593pt)
* v-part:(T,H,B)=(42.67912pt, 759.6886pt, 42.67912pt)
* \paperwidth=597.50787pt
* \paperheight=845.04684pt
* \textwidth=526.376pt
* \textheight=759.6886pt
* \oddsidemargin=-36.70406pt
* \evensidemargin=-36.70406pt
* \topmargin=-66.59087pt
* \headheight=12.0pt
* \headsep=25.0pt
* \topskip=11.0pt
* \footskip=30.0pt
* \marginparwidth=4.0pt
* \marginparsep=10.0pt
* \columnsep=10.0pt
* \skip\footins=10.0pt plus 4.0pt minus 2.0pt
* \hoffset=0.0pt
* \voffset=0.0pt
* \mag=1000
* \@twocolumntrue
* \@twosidefalse
* \@mparswitchfalse
* \@reversemarginfalse
* (1in=72.27pt=25.4mm, 1cm=28.453pt)

(c:/TEXLIVE/2021/texmf-dist/tex/context/base/mkii/supp-pdf.mkii
[Loading MPS to PDF converter (version 2006.09.02).]
\scratchcounter=\count291
\scratchdimen=\dimen188
\scratchbox=\box55
\nofMPsegments=\count292
\nofMParguments=\count293
\everyMPshowfont=\toks26
\MPscratchCnt=\count294
\MPscratchDim=\dimen189
\MPnumerator=\count295
\makeMPintoPDFobject=\count296
\everyMPtoPDFconversion=\toks27
) (c:/TEXLIVE/2021/texmf-dist/tex/latex/epstopdf-pkg/epstopdf-base.sty
Package: epstopdf-base 2020-01-24 v2.11 Base part for package epstopdf
Package epstopdf-base Info: Redefining graphics rule for `.eps' on input line 4
85.

(c:/TEXLIVE/2021/texmf-dist/tex/latex/latexconfig/epstopdf-sys.cfg
File: epstopdf-sys.cfg 2010/07/13 v1.3 Configuration of (r)epstopdf for TeX Liv
e
))
Package hyperref Info: Link coloring OFF on input line 32.

(c:/TEXLIVE/2021/texmf-dist/tex/latex/hyperref/nameref.sty
Package: nameref 2021-04-02 v2.47 Cross-referencing by name of section

(c:/TEXLIVE/2021/texmf-dist/tex/latex/refcount/refcount.sty
Package: refcount 2019/12/15 v3.6 Data extraction from label references (HO)
)
(c:/TEXLIVE/2021/texmf-dist/tex/generic/gettitlestring/gettitlestring.sty
Package: gettitlestring 2019/12/15 v1.6 Cleanup title references (HO)
)
\c@section@level=\count297
)
LaTeX Info: Redefining \ref on input line 32.
LaTeX Info: Redefining \pageref on input line 32.
LaTeX Info: Redefining \nameref on input line 32.

(./manuscript.out) (./manuscript.out)
\@outlinefile=\write3
\openout3 = `manuscript.out'.

Package caption Info: Begin \AtBeginDocument code.
Package caption Info: End \AtBeginDocument code.
LaTeX Font Info:    Trying to load font information for U+msa on input line 34.


(c:/TEXLIVE/2021/texmf-dist/tex/latex/amsfonts/umsa.fd
File: umsa.fd 2013/01/14 v3.01 AMS symbols A
)
LaTeX Font Info:    Trying to load font information for U+msb on input line 34.


(c:/TEXLIVE/2021/texmf-dist/tex/latex/amsfonts/umsb.fd
File: umsb.fd 2013/01/14 v3.01 AMS symbols B
)
Underfull \hbox (badness 4217) in paragraph at lines 35--51
\OT1/cmr/m/n/10.95 pu-ta-tional frame-work that re-solves the `Fabric-
 []


Underfull \hbox (badness 3579) in paragraph at lines 58--68
\OT1/cmr/m/n/10.95 macro-level ur-ban plan-ning rep-re-sents a crit-i-cal
 []


Underfull \hbox (badness 6204) in paragraph at lines 96--96
|[]\OT1/cmr/bx/n/14.4 Related Work: De-ter-min-ism
 []


Underfull \vbox (badness 1127) has occurred while \output is active []

 [1{c:/TEXLIVE/2021/texmf-var/fonts/map/pdftex/updmap/pdftex.map}


]
Underfull \hbox (badness 2050) in paragraph at lines 111--121
\OT1/cmr/m/n/10.95 con-di-tions. To man-age com-pu-ta-tional com-plex-
 []


Underfull \hbox (badness 1231) in paragraph at lines 184--188
\OT1/cmr/m/n/10.95 The frame-work han-dles multi-level un-cer-tainty in
 []

[2]
<figures/fig1.png, id=165, 860.013pt x 715.473pt>
File: figures/fig1.png Graphic file (type png)
<use figures/fig1.png>
Package pdftex.def Info: figures/fig1.png  used on input line 191.
(pdftex.def)             Requested size: 447.4228pt x 372.22278pt.

Underfull \hbox (badness 1783) in paragraph at lines 212--214
\OT1/cmr/bx/n/10.95 Fit-ting (IPF): \OT1/cmr/m/n/10.95 To ac-cu-rately rep-re-s
ent the
 []


Underfull \hbox (badness 1975) in paragraph at lines 212--214
\OT1/cmr/m/n/10.95 Bun-ga-low), Age Band (Pre-1900 to 2007+),
 []


Underfull \hbox (badness 2165) in paragraph at lines 289--295
[]\OT1/cmr/m/n/10.95 surface-area-to-volume scal-ing for UK do-mes-tic
 []


Underfull \hbox (badness 1163) in paragraph at lines 304--318
\OT1/cmr/m/n/10.95 di-tional Auto-Regressive (ICAR) prior to cap-ture
 []

[3] [4 <./figures/fig1.png>]
Underfull \hbox (badness 1178) in paragraph at lines 366--366
|[]\OT1/cmr/bx/n/12 Hardware and Com-pu-ta-tional Op-ti-
 []


Underfull \vbox (badness 10000) has occurred while \output is active []

 [5]
Underfull \hbox (badness 1888) in paragraph at lines 398--410
\OT1/cmr/m/n/10.95 RAM, uti-liz-ing Vari-a-tional In-fer-ence rather than
 []


Underfull \hbox (badness 1661) in paragraph at lines 463--464
\OT1/cmr/m/n/10.95 The model achieved high com-pu-ta-tional sta-bil-ity
 []

[6]
Underfull \hbox (badness 1082) in paragraph at lines 491--497
\OT1/cmr/m/n/10.95 ergy con-sump-tion in Eng-land is char-ac-ter-ized by
 []


Underfull \hbox (badness 2538) in paragraph at lines 499--499
|[]\OT1/cmr/bx/n/12 National Dis-tri-bu-tion of Struc-tural
 []


Underfull \hbox (badness 1009) in paragraph at lines 508--510
[]\OT1/cmr/m/n/10.95 The ad-justed met-ric pro-vides a high-resolution,
 []

<figures/fig2.png, id=232, 699.8145pt x 663.1977pt>
File: figures/fig2.png Graphic file (type png)
<use figures/fig2.png>
Package pdftex.def Info: figures/fig2.png  used on input line 515.
(pdftex.def)             Requested size: 252.65823pt x 239.429pt.
<figures/fig3.png, id=233, 670.4247pt x 660.066pt>
File: figures/fig3.png Graphic file (type png)
<use figures/fig3.png>
Package pdftex.def Info: figures/fig3.png  used on input line 522.
(pdftex.def)             Requested size: 252.65823pt x 248.75288pt.
<figures/fig4.png, id=234, 683.1924pt x 562.2606pt>
File: figures/fig4.png Graphic file (type png)
<use figures/fig4.png>
Package pdftex.def Info: figures/fig4.png  used on input line 531.
(pdftex.def)             Requested size: 252.65823pt x 207.9302pt.
<figures/fig5.png, id=235, 729.4452pt x 660.066pt>
File: figures/fig5.png Graphic file (type png)
<use figures/fig5.png>
Package pdftex.def Info: figures/fig5.png  used on input line 538.
(pdftex.def)             Requested size: 252.65823pt x 228.6194pt.
<figures/prior_posterior.png, id=236, 609.7179pt x 398.2077pt>
File: figures/prior_posterior.png Graphic file (type png)
<use figures/prior_posterior.png>
Package pdftex.def Info: figures/prior_posterior.png  used on input line 547.
(pdftex.def)             Requested size: 252.65823pt x 165.01007pt.

Underfull \hbox (badness 1033) in paragraph at lines 553--555
\OT1/cmr/m/n/10.95 ther-mal re-quire-ment ($\OML/cmm/m/it/10.95 T[]$\OT1/cmr/m/
n/10.95 ) is re-cov-ered at \OT1/cmr/bx/n/10.95 11,091
 []

[7] [8 <./figures/fig2.png> <./figures/fig3.png> <./figures/fig4.png> <./figure
s/fig5.png> <./figures/prior_posterior.png>]
Underfull \vbox (badness 10000) has occurred while \output is active []


Underfull \hbox (badness 3219) in paragraph at lines 594--596
\OT1/cmr/m/n/10.95 neigh-bor-hood, the the-o-ret-i-cal base-line is 20,450
 []


Underfull \hbox (badness 2057) in paragraph at lines 602--612
\OMS/cmsy/m/n/10.95 ^^@\OT1/cmr/m/n/10.95 0\OML/cmm/m/it/10.95 :\OT1/cmr/m/n/10
.95 028$) con-firms the trend of deprivation-driven
 []


Underfull \vbox (badness 10000) has occurred while \output is active []

 [9]
Underfull \hbox (badness 3375) in paragraph at lines 677--681
[]\OT1/cmr/bx/n/10.95 Generalization and Scal-ing: \OT1/cmr/m/n/10.95 The run-t
ime
 []

[10]
Underfull \hbox (badness 6859) in paragraph at lines 741--745
\OT1/cmr/m/n/10.95 rep-re-sents a sig-nif-i-cant method-olog-i-cal step in
 []

[11] [12]
Underfull \hbox (badness 5681) in paragraph at lines 826--826
|[]\OT1/cmr/bx/n/12 Privacy-Preserving Com-pu-ta-tion in
 []


Underfull \hbox (badness 3838) in paragraph at lines 849--862
\OT1/cmr/m/n/10.95 quire-ment ($\OML/cmm/m/it/10.95 T[]$\OT1/cmr/m/n/10.95 ) em
erges as a behavior-agnostic,
 []


Underfull \hbox (badness 3240) in paragraph at lines 869--879
\OT1/cmr/m/n/10.95 The Na-tional En-ergy Ef-fi-ciency Data-Framework
 []

(./manuscript.bbl
Underfull \hbox (badness 1033) in paragraph at lines 9--14
[]\OT1/cmr/m/n/10.95 BEIS.  Fuel poverty method-ol-ogy hand-book:
 []

[13]
Underfull \hbox (badness 4001) in paragraph at lines 66--72
[]\OT1/cmr/m/n/10.95 S. H. Hong, J. Gilbert-son, T. Oreszczyn,
 []


Underfull \hbox (badness 5924) in paragraph at lines 166--170
[]\OT1/cmr/m/n/10.95 P. Wilkin-son, M. Lan-don, B. Arm-strong,
 []

) [14] (./manuscript.aux)
Package rerunfilecheck Info: File `manuscript.out' has not changed.
(rerunfilecheck)             Checksum: A5C0F06A14BE80F2E0DEE789520AB9CE;8094.
 ) 
Here is how much of TeX's memory you used:
 11737 strings out of 478994
 173862 string characters out of 5862208
 506065 words of memory out of 5000000
 28957 multiletter control sequences out of 15000+600000
 418931 words of font info for 83 fonts, out of 8000000 for 9000
 1141 hyphenation exceptions out of 8191
 71i,9n,74p,1258b,441s stack positions out of 5000i,500n,10000p,200000b,80000s
{c:/TEXLIVE/2021/texmf-dist/fonts/enc/dvips/cm-super/cm-super-ts1.enc}<c:/TEX
LIVE/2021/texmf-dist/fonts/type1/public/amsfonts/cm/cmbx10.pfb><c:/TEXLIVE/2021
/texmf-dist/fonts/type1/public/amsfonts/cm/cmbx12.pfb><c:/TEXLIVE/2021/texmf-di
st/fonts/type1/public/amsfonts/cm/cmex10.pfb><c:/TEXLIVE/2021/texmf-dist/fonts/
type1/public/amsfonts/cm/cmmi10.pfb><c:/TEXLIVE/2021/texmf-dist/fonts/type1/pub
lic/amsfonts/cm/cmmi12.pfb><c:/TEXLIVE/2021/texmf-dist/fonts/type1/public/amsfo
nts/cm/cmmi6.pfb><c:/TEXLIVE/2021/texmf-dist/fonts/type1/public/amsfonts/cm/cmm
i8.pfb><c:/TEXLIVE/2021/texmf-dist/fonts/type1/public/amsfonts/cm/cmmib10.pfb><
c:/TEXLIVE/2021/texmf-dist/fonts/type1/public/amsfonts/cm/cmr10.pfb><c:/TEXLIVE
/2021/texmf-dist/fonts/type1/public/amsfonts/cm/cmr12.pfb><c:/TEXLIVE/2021/texm
f-dist/fonts/type1/public/amsfonts/cm/cmr17.pfb><c:/TEXLIVE/2021/texmf-dist/fon
ts/type1/public/amsfonts/cm/cmr6.pfb><c:/TEXLIVE/2021/texmf-dist/fonts/type1/pu
blic/amsfonts/cm/cmr8.pfb><c:/TEXLIVE/2021/texmf-dist/fonts/type1/public/amsfon
ts/cm/cmr9.pfb><c:/TEXLIVE/2021/texmf-dist/fonts/type1/public/amsfonts/cm/cmsy1
0.pfb><c:/TEXLIVE/2021/texmf-dist/fonts/type1/public/amsfonts/cm/cmsy8.pfb><c:/
TEXLIVE/2021/texmf-dist/fonts/type1/public/amsfonts/cm/cmti10.pfb><c:/TEXLIVE/2
021/texmf-dist/fonts/type1/public/cm-super/sfrm1095.pfb>
Output written on manuscript.pdf (14 pages, 4557391 bytes).
PDF statistics:
 376 PDF objects out of 1000 (max. 8388607)
 325 compressed objects within 4 object streams
 87 named destinations out of 1000 (max. 500000)
 279 words of extra memory for PDF output out of 10000 (max. 10000000)

